C:/Users/objec/OneDrive/Desktop/Uni/Advanced Programming/Git/Labs/Dylan Elliott Advanced Programming Final/500083_ACW_Template/ACW_WordSearch/BinaryTree.cpp
C:/Users/objec/OneDrive/Desktop/Uni/Advanced Programming/Git/Labs/Dylan Elliott Advanced Programming Final/500083_ACW_Template/ACW_WordSearch/Main.cpp
C:/Users/objec/OneDrive/Desktop/Uni/Advanced Programming/Git/Labs/Dylan Elliott Advanced Programming Final/500083_ACW_Template/ACW_WordSearch/Node.cpp
C:/Users/objec/OneDrive/Desktop/Uni/Advanced Programming/Git/Labs/Dylan Elliott Advanced Programming Final/500083_ACW_Template/ACW_WordSearch/WordSearch.cpp
C:/Users/objec/OneDrive/Desktop/Uni/Advanced Programming/Git/Labs/Dylan Elliott Advanced Programming Final/500083_ACW_Template/ACW_WordSearch/BinaryTree.h
C:/Users/objec/OneDrive/Desktop/Uni/Advanced Programming/Git/Labs/Dylan Elliott Advanced Programming Final/500083_ACW_Template/ACW_WordSearch/Node.h
C:/Users/objec/OneDrive/Desktop/Uni/Advanced Programming/Git/Labs/Dylan Elliott Advanced Programming Final/500083_ACW_Template/ACW_WordSearch/WordSearch.h
